// Vitest Snapshot v1, https://vitest.dev/guide/snapshot.html

exports[`SessionVaultProvider > renders consistently 1`] = `<DocumentFragment />`;
