// Vitest Snapshot v1, https://vitest.dev/guide/snapshot.html

exports[`<TastingNotesPage /> > renders consistently 1`] = `
<DocumentFragment>
  <div
    class="ion-page"
  >
    <ion-header
      translucent="true"
    >
      <!---->
      <ion-toolbar>
        <ion-title>
          Tasting Notes
        </ion-title>
      </ion-toolbar>
    </ion-header>
    <ion-content
      class="main-content"
      fullscreen="true"
    >
      <ion-header
        collapse="condense"
      >
        <!---->
        <ion-toolbar>
          <ion-title
            size="large"
          >
            Tasting Notes
          </ion-title>
        </ion-toolbar>
      </ion-header>
      <ion-fab
        horizontal="end"
        slot="fixed"
        vertical="bottom"
      >
        <ion-fab-button
          data-testid="add-note-button"
        >
          <ion-icon
            icon="data:image/svg+xml;utf8,<svg xmlns='http://www.w3.org/2000/svg' class='ionicon' viewBox='0 0 512 512'><path stroke-linecap='round' stroke-linejoin='round' d='M256 112v288M400 256H112' class='ionicon-fill-none ionicon-stroke-width'/></svg>"
          />
        </ion-fab-button>
      </ion-fab>
      <ion-list>
        <ion-item-sliding>
          <ion-item
            button="true"
          >
            <ion-label>
              <div>
                Lipton
              </div>
              <div>
                Green Tea
              </div>
            </ion-label>
          </ion-item>
          <ion-item-options>
            <ion-item-option
              color="danger"
            >
              Delete
            </ion-item-option>
          </ion-item-options>
        </ion-item-sliding>
        <ion-item-sliding>
          <ion-item
            button="true"
          >
            <ion-label>
              <div>
                Rishi
              </div>
              <div>
                Puer Cake
              </div>
            </ion-label>
          </ion-item>
          <ion-item-options>
            <ion-item-option
              color="danger"
            >
              Delete
            </ion-item-option>
          </ion-item-options>
        </ion-item-sliding>
        <ion-item-sliding>
          <ion-item
            button="true"
          >
            <ion-label>
              <div>
                Lipton
              </div>
              <div>
                Yellow Label
              </div>
            </ion-label>
          </ion-item>
          <ion-item-options>
            <ion-item-option
              color="danger"
            >
              Delete
            </ion-item-option>
          </ion-item-options>
        </ion-item-sliding>
      </ion-list>
    </ion-content>
  </div>
</DocumentFragment>
`;
