// Vitest Snapshot v1, https://vitest.dev/guide/snapshot.html

exports[`<TeaDetailsPage /> > renders consistently 1`] = `
<DocumentFragment>
  <div
    class="ion-page"
  >
    <ion-header>
      <!---->
      <ion-toolbar>
        <ion-buttons
          slot="start"
        >
          <ion-back-button
            default-href="/tea"
          />
        </ion-buttons>
        <ion-title>
          Tea Details
        </ion-title>
      </ion-toolbar>
    </ion-header>
    <ion-content
      class="ion-padding"
    >
      <div>
        <div
          class="ion-justify-content-center"
          style="display: flex;"
        >
          <ion-img
            src="/assets/images/herbal.jpg"
            style="max-width: 75%; max-height: 512px;"
          />
        </div>
        <h1
          data-testid="name"
        >
          Herbal
        </h1>
        <p
          data-testid="description"
        >
          Herbal infusions description.
        </p>
      </div>
    </ion-content>
  </div>
</DocumentFragment>
`;
